###############################################################################
#
# IAR ELF Linker V9.30.1.335/W64 for ARM                  12/Dec/2022  06:47:20
# Copyright 2007-2022 IAR Systems AB.
#
#    Output file  =  D:\Projects\embedded2\Debug\Exe\project2.out
#    Map file     =  D:\Projects\embedded2\Debug\List\project2.map
#    Command line =
#        -f D:\Projects\embedded2\Debug\Exe\project2.out.rsp
#        (D:\Projects\embedded2\Debug\Obj\calculator.o
#        D:\Projects\embedded2\Debug\Obj\delay.o
#        D:\Projects\embedded2\Debug\Obj\keypad.o
#        D:\Projects\embedded2\Debug\Obj\lcd.o
#        D:\Projects\embedded2\Debug\Obj\main.o
#        D:\Projects\embedded2\Debug\Obj\mode.o --no_out_extension -o
#        D:\Projects\embedded2\Debug\Exe\project2.out --redirect
#        _Printf=_PrintfFullNoMb --redirect _Scanf=_ScanfFullNoMb --map
#        D:\Projects\embedded2\Debug\List\project2.map --config "C:\Program
#        Files\IAR Systems\Embedded Workbench
#        9.1\arm/config/linker/TexasInstruments/TM4C123GH6.icf" --semihosting
#        C:\ti\TivaWare_C_Series-2.2.0.295\driverlib\ewarm\Exe\driverlib.a
#        --entry __iar_program_start --vfe --text_out locale --cpu=Cortex-M4
#        --fpu=VFPv4_sp)
#
###############################################################################

*******************************************************************************
*** MESSAGES
***

Warning[Lt009]: Inconsistent wchar_t size
            sysctl.o(driverlib.a) and 3 other objects in driverlib.a have
                      wchar_t size 16 bits
            calculator.o and 31 other objects, some of them in dl7M_tln.a and
                      16 other libraries have wchar_t size 32 bits


*******************************************************************************
*** RUNTIME MODEL ATTRIBUTES
***

CppFlavor       = *
__CPP_Runtime   = 1
__SystemLibrary = DLib
__dlib_version  = 6


*******************************************************************************
*** HEAP SELECTION
***

The basic heap was selected because --advanced_heap
was not specified and the application did not appear to
be primarily optimized for speed.


*******************************************************************************
*** PLACEMENT SUMMARY
***

"A0":  place at address 0x0 { ro section .intvec };
"P1":  place in [from 0x0 to 0x3'ffff] { ro };
define block CSTACK with size = 4K, alignment = 8 { };
define block HEAP with size = 8K, alignment = 8 { };
"P2":  place in [from 0x2000'0000 to 0x2000'7fff] {
          rw, block CSTACK, block HEAP };
initialize by copy { rw };

  Section            Kind         Address    Size  Object
  -------            ----         -------    ----  ------
"A0":                                        0x40
  .intvec            ro code          0x0    0x40  vector_table_M.o [5]
                                   - 0x40    0x40

"P1":                                      0x2726
  .text              ro code         0x40   0xe8e  xprintffull_nomb.o [2]
  .text              ro code        0xece    0x3a  packbits_init_single.o [5]
  .text              ro code        0xf08    0x16  strchr.o [5]
  .text              ro code        0xf1e     0xa  xsprout.o [2]
  .text              ro code        0xf28    0x40  xfail_s.o [2]
  .text              ro code        0xf68    0x36  strlen.o [5]
  .text              ro code        0xf9e     0x2  vectortrap_M.o [5]
  .text              ro code        0xfa0    0x58  memchr.o [5]
  .text              ro code        0xff8    0x76  ABImemcpy_unaligned.o [5]
  .text              ro code       0x1070    0x70  frexp.o [4]
  .text              ro code       0x10e0    0x34  DblCmpLe.o [4]
  .text              ro code       0x1114    0x34  DblCmpGe.o [4]
  .text              ro code       0x1148   0x13a  ldexp.o [4]
  .text              ro code       0x1284    0x36  DblToS32.o [4]
  .text              ro code       0x12bc    0x22  S32ToDbl.o [4]
  .text              ro code       0x12e0   0x24e  DblAddSub.o [4]
  .text              ro code       0x1530   0x246  DblDiv.o [4]
  .text              ro code       0x1778    0x22  DblToU32.o [4]
  .text              ro code       0x179c    0x1c  U32ToDbl.o [4]
  .text              ro code       0x17b8   0x1aa  DblMul.o [4]
  .text              ro code       0x1964   0x230  I64DivMod.o [5]
  .text              ro code       0x1b94     0x6  abort.o [2]
  .text              ro code       0x1b9c     0x2  I64DivZer.o [5]
  .text              ro code       0x1ba0    0x14  exit.o [6]
  .text              ro code       0x1bb4    0x7c  iarttio.o [6]
  .text              ro code       0x1c30     0x8  XShttio.o [2]
  .text              ro code       0x1c38   0x252  lcd.o [1]
  .text              ro code       0x1e8c   0x11c  sysctl.o [3]
  .text              ro code       0x1fa8   0x1cc  gpio.o [3]
  .text              ro code       0x2174   0x240  calculator.o [1]
  .text              ro code       0x23b4    0x40  sprintf.o [2]
  .text              ro code       0x23f4    0x30  delay.o [1]
  .text              ro code       0x2424    0x94  mode.o [1]
  .text              ro code       0x24b8    0x28  printf.o [2]
  .text              ro code       0x24e0    0xc8  keypad.o [1]
  .text              ro code       0x25a8    0x2c  main.o [1]
  .text              ro code       0x25d4    0x28  data_init.o [5]
  .text              ro code       0x25fc    0x22  fpinit_M.o [4]
  .text              ro code       0x261e    0x22  iarwrite.o [6]
  .iar.init_table    const         0x2640    0x10  - Linker created -
  .text              ro code       0x2650    0x20  putchar.o [2]
  .text              ro code       0x2670    0x10  write.o [6]
  .text              ro code       0x2680    0x1e  dwrite.o [6]
  .text              ro code       0x269e    0x20  iarwstd.o [6]
  .text              ro code       0x26c0    0x1e  cmain.o [5]
  .text              ro code       0x26de     0x4  low_level_init.o [2]
  .text              ro code       0x26e2     0x4  exit.o [2]
  .text              ro code       0x26e8     0xa  cexit.o [5]
  .text              ro code       0x26f4    0x1c  cstartup_M.o [5]
  .text              ro code       0x2710    0x16  xprout.o [2]
  .rodata            const         0x2728    0x10  calculator.o [1]
  .rodata            const         0x2738    0x10  keypad.o [1]
  .rodata            const         0x2748     0xc  calculator.o [1]
  .rodata            const         0x2754     0x8  calculator.o [1]
  .rodata            const         0x275c     0x0  packbits_init_single.o [5]
  Initializer bytes  const         0x275c     0xa  <for P2-1>
                                 - 0x2766  0x2726

"P2", part 1 of 2:                           0x1d
  P2-1                        0x2000'0000    0x1d  <Init block>
    .data            inited   0x2000'0000     0x4  mode.o [1]
    .data            inited   0x2000'0004     0x8  XShttio.o [2]
    .bss             inited   0x2000'000c     0x4  calculator.o [1]
    .bss             inited   0x2000'0010     0x4  calculator.o [1]
    .bss             inited   0x2000'0014     0x4  calculator.o [1]
    .bss             inited   0x2000'0018     0x4  xfail_s.o [2]
    .data            inited   0x2000'001c     0x1  calculator.o [1]
                            - 0x2000'001d    0x1d

"P2", part 2 of 2:                         0x1000
  CSTACK                      0x2000'0020  0x1000  <Block>
    CSTACK           uninit   0x2000'0020  0x1000  <Block tail>
                            - 0x2000'1020  0x1000

Unused ranges:

         From           To      Size
         ----           --      ----
       0x2766     0x3'ffff  0x3'd89a
  0x2000'001d  0x2000'001f       0x3
  0x2000'1020  0x2000'7fff    0x6fe0


*******************************************************************************
*** INIT TABLE
***

          Address      Size
          -------      ----
Copy/packbits (__iar_packbits_init_single3)
    1 source range, total size 0xa (34% of destination):
               0x275c   0xa
    1 destination range, total size 0x1d:
          0x2000'0000  0x1d



*******************************************************************************
*** MODULE SUMMARY
***

    Module                  ro code  ro data  rw data
    ------                  -------  -------  -------
command line/config:
    -------------------------------------------------
    Total:

D:\Projects\embedded2\Debug\Obj: [1]
    calculator.o                576       41       13
    delay.o                      48
    keypad.o                    200       16
    lcd.o                       594
    main.o                       44
    mode.o                      148        1        4
    -------------------------------------------------
    Total:                    1'610       58       17

dl7M_tln.a: [2]
    XShttio.o                     8        3        8
    abort.o                       6
    exit.o                        4
    low_level_init.o              4
    printf.o                     40
    putchar.o                    32
    sprintf.o                    64
    xfail_s.o                    64        1        4
    xprintffull_nomb.o        3'726
    xprout.o                     22
    xsprout.o                    10
    -------------------------------------------------
    Total:                    3'980        4       12

driverlib.a: [3]
    gpio.o                      460
    sysctl.o                    284
    -------------------------------------------------
    Total:                      744

m7M_tls.a: [4]
    DblAddSub.o                 590
    DblCmpGe.o                   52
    DblCmpLe.o                   52
    DblDiv.o                    582
    DblMul.o                    426
    DblToS32.o                   54
    DblToU32.o                   34
    S32ToDbl.o                   34
    U32ToDbl.o                   28
    fpinit_M.o                   34
    frexp.o                     112
    ldexp.o                     314
    -------------------------------------------------
    Total:                    2'312

rt7M_tl.a: [5]
    ABImemcpy_unaligned.o       118
    I64DivMod.o                 560
    I64DivZer.o                   2
    cexit.o                      10
    cmain.o                      30
    cstartup_M.o                 28
    data_init.o                  40
    memchr.o                     88
    packbits_init_single.o       58
    strchr.o                     22
    strlen.o                     54
    vector_table_M.o             64
    vectortrap_M.o                2
    -------------------------------------------------
    Total:                    1'076

shb_l.a: [6]
    dwrite.o                     30
    exit.o                       20
    iarttio.o                   124
    iarwrite.o                   34
    iarwstd.o                    32
    write.o                      16
    -------------------------------------------------
    Total:                      256

    Gaps                         28        2
    Linker created                        16    4'096
-----------------------------------------------------
    Grand Total:             10'006       80    4'125


*******************************************************************************
*** ENTRY LIST
***

Entry                       Address   Size  Type      Object
-----                       -------   ----  ----      ------
.iar.init_table$$Base        0x2640          --   Gb  - Linker created -
.iar.init_table$$Limit       0x2650          --   Gb  - Linker created -
?main                        0x26c1         Code  Gb  cmain.o [5]
BusFault_Handler              0xf9f         Code  Wk  vectortrap_M.o [5]
CSTACK$$Base            0x2000'0020          --   Gb  - Linker created -
CSTACK$$Limit           0x2000'1020          --   Gb  - Linker created -
DebugMon_Handler              0xf9f         Code  Wk  vectortrap_M.o [5]
GPIODirModeSet               0x1fa9   0x28  Code  Gb  gpio.o [3]
GPIOPadConfigSet             0x1fd1  0x174  Code  Gb  gpio.o [3]
GPIOPinTypeGPIOOutput        0x214b    0xa  Code  Gb  gpio.o [3]
GPIOPinWrite                 0x2145    0x6  Code  Gb  gpio.o [3]
HardFault_Handler             0xf9f         Code  Wk  vectortrap_M.o [5]
LCD_Clear                    0x1e3f   0x10  Code  Gb  lcd.o [1]
LCD_Command                  0x1d13   0x7a  Code  Gb  lcd.o [1]
LCD_Cursor                   0x1e07   0x38  Code  Gb  lcd.o [1]
LCD_PrintLn                  0x1e59   0x32  Code  Gb  lcd.o [1]
LCD_Show                     0x1d8d   0x7a  Code  Gb  lcd.o [1]
LCD_init                     0x1c39   0xda  Code  Gb  lcd.o [1]
MemManage_Handler             0xf9f         Code  Wk  vectortrap_M.o [5]
NMI_Handler                   0xf9f         Code  Wk  vectortrap_M.o [5]
PendSV_Handler                0xf9f         Code  Wk  vectortrap_M.o [5]
Region$$Table$$Base          0x2640          --   Gb  - Linker created -
Region$$Table$$Limit         0x2650          --   Gb  - Linker created -
SVC_Handler                   0xf9f         Code  Wk  vectortrap_M.o [5]
SysCtlClockSet               0x1eb1   0xd8  Code  Gb  sysctl.o [3]
SysCtlDelay                  0x1ea9    0x8  Code  Gb  sysctl.o [3]
SysCtlPeripheralEnable       0x1e8d    0x8  Code  Gb  sysctl.o [3]
SysTick_Handler               0xf9f         Code  Wk  vectortrap_M.o [5]
UsageFault_Handler            0xf9f         Code  Wk  vectortrap_M.o [5]
_LC                            0x41    0x6  Code  Lc  xprintffull_nomb.o [2]
_LitobFullNoMb                0xcd1  0x114  Code  Lc  xprintffull_nomb.o [2]
_PrintfFullNoMb                0x47  0xc76  Code  Gb  xprintffull_nomb.o [2]
_Prout                       0x2711   0x16  Code  Gb  xprout.o [2]
_PutcharsFullNoMb             0xe3d   0x2e  Code  Lc  xprintffull_nomb.o [2]
_SProut                       0xf1f    0xa  Code  Gb  xsprout.o [2]
__aeabi_cdcmple              0x10e1         Code  Gb  DblCmpLe.o [4]
__aeabi_cdrcmple             0x1115         Code  Gb  DblCmpGe.o [4]
__aeabi_d2iz                 0x1285         Code  Gb  DblToS32.o [4]
__aeabi_d2uiz                0x1779         Code  Gb  DblToU32.o [4]
__aeabi_ddiv                 0x1531         Code  Gb  DblDiv.o [4]
__aeabi_dmul                 0x17b9         Code  Gb  DblMul.o [4]
__aeabi_dsub                 0x144d         Code  Gb  DblAddSub.o [4]
__aeabi_i2d                  0x12bd         Code  Gb  S32ToDbl.o [4]
__aeabi_ldiv0                0x1b9d         Code  Gb  I64DivZer.o [5]
__aeabi_ui2d                 0x179d         Code  Gb  U32ToDbl.o [4]
__aeabi_uldivmod             0x1965         Code  Gb  I64DivMod.o [5]
__cmain                      0x26c1         Code  Gb  cmain.o [5]
__dwrite                     0x2681   0x1e  Code  Gb  dwrite.o [6]
__exit                       0x1ba1   0x14  Code  Gb  exit.o [6]
__iar_Fail_s                  0xf29   0x1c  Code  Gb  xfail_s.o [2]
__iar_Memchr                  0xfa1         Code  Gb  memchr.o [5]
__iar_Strchr                  0xf09         Code  Gb  strchr.o [5]
__iar_close_ttio             0x1bb5   0x2c  Code  Gb  iarttio.o [6]
__iar_data_init3             0x25d5   0x28  Code  Gb  data_init.o [5]
__iar_frexp                  0x107d         Code  Gb  frexp.o [4]
__iar_frexpl                 0x107d         Code  Gb  frexp.o [4]
__iar_get_ttio               0x1be1   0x4c  Code  Gb  iarttio.o [6]
__iar_init_vfp               0x25fd         Code  Gb  fpinit_M.o [4]
__iar_ldexp64                0x1149         Code  Gb  ldexp.o [4]
__iar_lookup_ttioh           0x1c31    0x8  Code  Gb  XShttio.o [2]
__iar_packbits_init_single3
                              0xecf   0x3a  Code  Gb  packbits_init_single.o [5]
__iar_program_start          0x26f5         Code  Gb  cstartup_M.o [5]
__iar_scalbln64              0x1149         Code  Gb  ldexp.o [4]
__iar_scalbn64               0x1149         Code  Gb  ldexp.o [4]
__iar_sh_stdout              0x269f   0x20  Code  Gb  iarwstd.o [6]
__iar_sh_write               0x261f   0x22  Code  Gb  iarwrite.o [6]
__iar_softfp___iar_frexp64
                             0x1071         Code  Gb  frexp.o [4]
__iar_softfp_frexp           0x1071         Code  Gb  frexp.o [4]
__iar_softfp_frexpl          0x1071         Code  Gb  frexp.o [4]
__iar_ttio_handles      0x2000'0004    0x8  Data  Lc  XShttio.o [2]
__iar_unaligned_memcpy        0xff9         Code  Gb  ABImemcpy_unaligned.o [5]
__iar_unaligned_memcpy4
                             0x1019         Code  Gb  ABImemcpy_unaligned.o [5]
__iar_unaligned_memcpy8
                             0x1019         Code  Gb  ABImemcpy_unaligned.o [5]
__low_level_init             0x26df    0x4  Code  Gb  low_level_init.o [2]
__vector_table                  0x0         Data  Gb  vector_table_M.o [5]
__write                      0x2671   0x10  Code  Gb  write.o [6]
_call_main                   0x26cd         Code  Gb  cmain.o [5]
_exit                        0x26e9         Code  Gb  cexit.o [5]
abort                        0x1b95    0x6  Code  Gb  abort.o [2]
answer                  0x2000'0014    0x4  Data  Gb  calculator.o [1]
calc                         0x21ab   0x6c  Code  Gb  calculator.o [1]
calcMode                     0x2217  0x170  Code  Gb  calculator.o [1]
delay_ms                     0x23f5   0x1a  Code  Gb  delay.o [1]
delay_us                     0x240f   0x16  Code  Gb  delay.o [1]
exit                         0x26e3    0x4  Code  Gb  exit.o [2]
firstNum                0x2000'000c    0x4  Data  Gb  calculator.o [1]
getmodebutton                0x2457   0x3e  Code  Gb  mode.o [1]
initmode                     0x2425   0x32  Code  Gb  mode.o [1]
keypad_Init                  0x24e1   0x56  Code  Gb  keypad.o [1]
keypad_getkey                0x2537   0x44  Code  Gb  keypad.o [1]
ldexp                        0x1149         Code  Gb  ldexp.o [4]
ldexpl                       0x1149         Code  Gb  ldexp.o [4]
main                         0x25a9   0x2c  Code  Gb  main.o [1]
memchr                        0xfa1         Code  Gb  memchr.o [5]
operation               0x2000'001c    0x1  Data  Gb  calculator.o [1]
printf                       0x24b9   0x28  Code  Gb  printf.o [2]
putchar                      0x2651   0x20  Code  Gb  putchar.o [2]
scalbln                      0x1149         Code  Gb  ldexp.o [4]
scalblnl                     0x1149         Code  Gb  ldexp.o [4]
scalbn                       0x1149         Code  Gb  ldexp.o [4]
scalbnl                      0x1149         Code  Gb  ldexp.o [4]
scale                         0xde5   0x46  Code  Lc  xprintffull_nomb.o [2]
sec_hand                0x2000'0018    0x4  Data  Lc  xfail_s.o [2]
secondNum               0x2000'0010    0x4  Data  Gb  calculator.o [1]
show_answer                  0x2175   0x36  Code  Gb  calculator.o [1]
sprintf                      0x23b5   0x40  Code  Gb  sprintf.o [2]
state                   0x2000'0000    0x4  Data  Gb  mode.o [1]
strchr                        0xf09         Code  Gb  strchr.o [5]
strlen                        0xf69         Code  Gb  strlen.o [5]
symbol                       0x2738   0x10  Data  Gb  keypad.o [1]


[1] = D:\Projects\embedded2\Debug\Obj
[2] = dl7M_tln.a
[3] = driverlib.a
[4] = m7M_tls.a
[5] = rt7M_tl.a
[6] = shb_l.a

  10'006 bytes of readonly  code memory
      80 bytes of readonly  data memory
   4'125 bytes of readwrite data memory

Errors: none
Warnings: 1
