###############################################################################
#
# IAR ELF Linker V9.30.1.335/W64 for ARM                  30/Dec/2022  09:57:18
# Copyright 2007-2022 IAR Systems AB.
#
#    Output file  =  D:\Projects\embedded2\Debug\Exe\project2.out
#    Map file     =  D:\Projects\embedded2\Debug\List\project2.map
#    Command line =
#        -f D:\Projects\embedded2\Debug\Exe\project2.out.rsp
#        (D:\Projects\embedded2\Debug\Obj\calculator.o
#        D:\Projects\embedded2\Debug\Obj\delay.o
#        D:\Projects\embedded2\Debug\Obj\keypad.o
#        D:\Projects\embedded2\Debug\Obj\lcd.o
#        D:\Projects\embedded2\Debug\Obj\main.o
#        D:\Projects\embedded2\Debug\Obj\mode.o
#        D:\Projects\embedded2\Debug\Obj\stop.o
#        D:\Projects\embedded2\Debug\Obj\timer.o --no_out_extension -o
#        D:\Projects\embedded2\Debug\Exe\project2.out --redirect
#        _Printf=_PrintfFullNoMb --redirect _Scanf=_ScanfFullNoMb --map
#        D:\Projects\embedded2\Debug\List\project2.map --config "C:\Program
#        Files\IAR Systems\Embedded Workbench
#        9.1\arm/config/linker/TexasInstruments/TM4C123GH6.icf" --semihosting
#        C:\ti\TivaWare_C_Series-2.2.0.295\driverlib\ewarm\Exe\driverlib.a
#        --entry __iar_program_start --vfe --text_out locale --cpu=Cortex-M4
#        --fpu=VFPv4_sp)
#
###############################################################################

*******************************************************************************
*** MESSAGES
***

Warning[Lt009]: Inconsistent wchar_t size
            sysctl.o(driverlib.a) and 4 other objects in driverlib.a have
                      wchar_t size 16 bits
            calculator.o and 25 other objects, some of them in dl7M_tln.a and
                      11 other libraries have wchar_t size 32 bits


*******************************************************************************
*** RUNTIME MODEL ATTRIBUTES
***

CppFlavor       = *
__CPP_Runtime   = 1
__SystemLibrary = DLib
__dlib_version  = 6


*******************************************************************************
*** HEAP SELECTION
***

The basic heap was selected because --advanced_heap
was not specified and the application did not appear to
be primarily optimized for speed.


*******************************************************************************
*** PLACEMENT SUMMARY
***

"A0":  place at address 0x0 { ro section .intvec };
"P1":  place in [from 0x0 to 0x3'ffff] { ro };
define block CSTACK with size = 4K, alignment = 8 { };
define block HEAP with size = 8K, alignment = 8 { };
"P2":  place in [from 0x2000'0000 to 0x2000'7fff] {
          rw, block CSTACK, block HEAP };
initialize by copy { rw };

  Section            Kind         Address    Size  Object
  -------            ----         -------    ----  ------
"A0":                                        0x40
  .intvec            ro code          0x0    0x40  vector_table_M.o [5]
                                   - 0x40    0x40

"P1":                                      0x3338
  .text              ro code         0x40   0xe8e  xprintffull_nomb.o [2]
  .text              ro code        0xece    0x2a  copy_init3.o [5]
  .text              ro code        0xef8    0x16  strchr.o [5]
  .text              ro code        0xf0e     0xa  xsprout.o [2]
  .text              ro code        0xf18    0x40  xfail_s.o [2]
  .text              ro code        0xf58    0x36  strlen.o [5]
  .text              ro code        0xf8e     0x2  vectortrap_M.o [5]
  .text              ro code        0xf90    0x58  memchr.o [5]
  .text              ro code        0xfe8    0x76  ABImemcpy_unaligned.o [5]
  .text              ro code       0x1060    0x70  frexp.o [4]
  .text              ro code       0x10d0    0x34  DblCmpLe.o [4]
  .text              ro code       0x1104    0x34  DblCmpGe.o [4]
  .text              ro code       0x1138   0x13a  ldexp.o [4]
  .text              ro code       0x1274    0x36  DblToS32.o [4]
  .text              ro code       0x12ac    0x22  S32ToDbl.o [4]
  .text              ro code       0x12d0   0x25e  DblAddSub.o [4]
  .text              ro code       0x1530   0x246  DblDiv.o [4]
  .text              ro code       0x1778    0x22  DblToU32.o [4]
  .text              ro code       0x179c    0x1c  U32ToDbl.o [4]
  .text              ro code       0x17b8   0x1aa  DblMul.o [4]
  .text              ro code       0x1964   0x230  I64DivMod.o [5]
  .text              ro code       0x1b94     0x6  abort.o [2]
  .text              ro code       0x1b9c     0x2  I64DivZer.o [5]
  .text              ro code       0x1ba0    0x14  exit.o [6]
  .text              ro code       0x1bb4   0x334  timer.o [1]
  .text              ro code       0x1ee8   0x2e4  sysctl.o [3]
  .text              ro code       0x21cc   0x254  lcd.o [1]
  .text              ro code       0x2420   0x1b8  timer.o [3]
  .text              ro code       0x25d8   0x170  interrupt.o [3]
  .text              ro code       0x2748   0x178  keypad.o [1]
  .text              ro code       0x28c0    0x30  delay.o [1]
  .text              ro code       0x28f0   0x22c  gpio.o [3]
  .text              ro code       0x2b1c     0x8  cpu.o [3]
  .text              ro code       0x2b24   0x298  calculator.o [1]
  .text              ro code       0x2dbc    0x48  FltToDbl.o [4]
  .text              ro code       0x2e04    0x40  sprintf.o [2]
  .text              ro code       0x2e44    0x1e  strcat.o [2]
  .text              ro code       0x2e64   0x23c  stop.o [1]
  .text              ro code       0x30a0   0x100  mode.o [1]
  .text              ro code       0x31a0    0x68  main.o [1]
  .text              ro code       0x3208    0x38  zero_init3.o [5]
  .text              ro code       0x3240    0x28  data_init.o [5]
  .text              ro code       0x3268    0x22  fpinit_M.o [4]
  .iar.init_table    const         0x328c    0x24  - Linker created -
  .text              ro code       0x32b0    0x1e  cmain.o [5]
  .text              ro code       0x32ce     0x4  low_level_init.o [2]
  .text              ro code       0x32d2     0x4  exit.o [2]
  .text              ro code       0x32d8     0xa  cexit.o [5]
  .text              ro code       0x32e4    0x1c  cstartup_M.o [5]
  .rodata            const         0x3300    0x10  calculator.o [1]
  .rodata            const         0x3310    0x10  keypad.o [1]
  .rodata            const         0x3320    0x10  stop.o [1]
  .rodata            const         0x3330    0x10  timer.o [1]
  .rodata            const         0x3340     0xc  calculator.o [1]
  .rodata            const         0x334c     0xc  mode.o [1]
  .rodata            const         0x3358     0xc  timer.o [1]
  .rodata            const         0x3364     0x8  stop.o [1]
  .rodata            const         0x336c     0x8  timer.o [1]
  Initializer bytes  const         0x3374     0x4  <for P2-1>
  .rodata            const         0x3378     0x0  zero_init3.o [5]
  .rodata            const         0x3378     0x0  copy_init3.o [5]
                                 - 0x3378  0x3338

"P2", part 1 of 3:                            0x4
  P2-1                        0x2000'0000     0x1  <Init block>
    .data            inited   0x2000'0000     0x1  calculator.o [1]
                            - 0x2000'0001     0x1

"P2", part 2 of 3:                          0x68c
  VTABLE             zero     0x2000'0400   0x26c  interrupt.o [3]
  .bss               zero     0x2000'066c     0x4  calculator.o [1]
  .bss               zero     0x2000'0670     0x4  calculator.o [1]
  .bss               zero     0x2000'0674     0x4  calculator.o [1]
  .bss               zero     0x2000'0678     0x4  main.o [1]
  .bss               zero     0x2000'067c     0x4  stop.o [1]
  .bss               zero     0x2000'0680     0x4  stop.o [1]
  .bss               zero     0x2000'0684     0x4  timer.o [1]
  .bss               zero     0x2000'0688     0x4  timer.o [1]
  .bss               zero     0x2000'068c     0x4  xfail_s.o [2]
                            - 0x2000'0690   0x68c

"P2", part 3 of 3:                         0x1000
  CSTACK                      0x2000'0690  0x1000  <Block>
    CSTACK           uninit   0x2000'0690  0x1000  <Block tail>
                            - 0x2000'1690  0x1000

Unused ranges:

         From           To      Size
         ----           --      ----
       0x3378     0x3'ffff  0x3'cc88
  0x2000'1690  0x2000'7fff    0x6970


*******************************************************************************
*** INIT TABLE
***

          Address      Size
          -------      ----
Zero (__iar_zero_init3)
    1 destination range, total size 0x290:
          0x2000'0400  0x290

Copy (__iar_copy_init3)
    1 source range, total size 0x4 (400% of destination):
               0x3374    0x4
    1 destination range, total size 0x1:
          0x2000'0000    0x1



*******************************************************************************
*** MODULE SUMMARY
***

    Module                 ro code  ro data  rw data
    ------                 -------  -------  -------
command line/config:
    ------------------------------------------------
    Total:

D:\Projects\embedded2\Debug\Obj: [1]
    calculator.o               664       29       13
    delay.o                     48
    keypad.o                   376       16
    lcd.o                      596
    main.o                     104                 4
    mode.o                     256       12
    stop.o                     572       24        8
    timer.o                    820       36        8
    ------------------------------------------------
    Total:                   3'436      117       33

dl7M_tln.a: [2]
    abort.o                      6
    exit.o                       4
    low_level_init.o             4
    sprintf.o                   64
    strcat.o                    30
    xfail_s.o                   64                 4
    xprintffull_nomb.o       3'726
    xsprout.o                   10
    ------------------------------------------------
    Total:                   3'908                 4

driverlib.a: [3]
    cpu.o                        8
    gpio.o                     556
    interrupt.o                368               620
    sysctl.o                   740
    timer.o                    440
    ------------------------------------------------
    Total:                   2'112               620

m7M_tls.a: [4]
    DblAddSub.o                606
    DblCmpGe.o                  52
    DblCmpLe.o                  52
    DblDiv.o                   582
    DblMul.o                   426
    DblToS32.o                  54
    DblToU32.o                  34
    FltToDbl.o                  72
    S32ToDbl.o                  34
    U32ToDbl.o                  28
    fpinit_M.o                  34
    frexp.o                    112
    ldexp.o                    314
    ------------------------------------------------
    Total:                   2'400

rt7M_tl.a: [5]
    ABImemcpy_unaligned.o      118
    I64DivMod.o                560
    I64DivZer.o                  2
    cexit.o                     10
    cmain.o                     30
    copy_init3.o                42
    cstartup_M.o                28
    data_init.o                 40
    memchr.o                    88
    strchr.o                    22
    strlen.o                    54
    vector_table_M.o            64
    vectortrap_M.o               2
    zero_init3.o                56
    ------------------------------------------------
    Total:                   1'116

shb_l.a: [6]
    exit.o                      20
    ------------------------------------------------
    Total:                      20

    Gaps                        26        2    1'020
    Linker created                       39    4'096
----------------------------------------------------
    Grand Total:            13'018      158    5'773


*******************************************************************************
*** ENTRY LIST
***

Entry                       Address   Size  Type      Object
-----                       -------   ----  ----      ------
.iar.init_table$$Base        0x328c          --   Gb  - Linker created -
.iar.init_table$$Limit       0x32b0          --   Gb  - Linker created -
?main                        0x32b1         Code  Gb  cmain.o [5]
BusFault_Handler              0xf8f         Code  Wk  vectortrap_M.o [5]
CPUcpsie                     0x2b1d    0x8  Code  Gb  cpu.o [3]
CSTACK$$Base            0x2000'0690          --   Gb  - Linker created -
CSTACK$$Limit           0x2000'1690          --   Gb  - Linker created -
DebugMon_Handler              0xf8f         Code  Wk  vectortrap_M.o [5]
GPIODirModeSet               0x28f1   0x28  Code  Gb  gpio.o [3]
GPIOIntClear                 0x2adf    0x6  Code  Gb  gpio.o [3]
GPIOIntEnable                0x2ad9    0x6  Code  Gb  gpio.o [3]
GPIOIntTypeSet               0x2919   0x4c  Code  Gb  gpio.o [3]
GPIOPadConfigSet             0x2965  0x174  Code  Gb  gpio.o [3]
GPIOPinTypeGPIOOutput        0x2aeb    0xa  Code  Gb  gpio.o [3]
GPIOPinWrite                 0x2ae5    0x6  Code  Gb  gpio.o [3]
HardFault_Handler             0xf8f         Code  Wk  vectortrap_M.o [5]
IntEnable                    0x2633   0x56  Code  Gb  interrupt.o [3]
IntMasterEnable              0x25d9    0x8  Code  Gb  interrupt.o [3]
IntPrioritySet               0x260f   0x24  Code  Gb  interrupt.o [3]
IntRegister                  0x25e9   0x26  Code  Gb  interrupt.o [3]
LCD_Clear                    0x23d7   0x10  Code  Gb  lcd.o [1]
LCD_Command                  0x22ab   0x7a  Code  Gb  lcd.o [1]
LCD_Cursor                   0x239f   0x38  Code  Gb  lcd.o [1]
LCD_PrintLn                  0x23e7   0x32  Code  Gb  lcd.o [1]
LCD_Show                     0x2325   0x7a  Code  Gb  lcd.o [1]
LCD_init                     0x21cd   0xde  Code  Gb  lcd.o [1]
MemManage_Handler             0xf8f         Code  Wk  vectortrap_M.o [5]
NMI_Handler                   0xf8f         Code  Wk  vectortrap_M.o [5]
PendSV_Handler                0xf8f         Code  Wk  vectortrap_M.o [5]
Region$$Table$$Base          0x328c          --   Gb  - Linker created -
Region$$Table$$Limit         0x32b0          --   Gb  - Linker created -
SVC_Handler                   0xf8f         Code  Wk  vectortrap_M.o [5]
SysCtlClockGet               0x2005  0x110  Code  Gb  sysctl.o [3]
SysCtlClockSet               0x1f2d   0xd8  Code  Gb  sysctl.o [3]
SysCtlDelay                  0x1f25    0x8  Code  Gb  sysctl.o [3]
SysCtlPeripheralEnable       0x1f09    0x8  Code  Gb  sysctl.o [3]
SysCtlPeripheralReady        0x1ee9    0x8  Code  Gb  sysctl.o [3]
SysTick_Handler               0xf8f         Code  Wk  vectortrap_M.o [5]
TimerConfigure               0x247b   0x52  Code  Gb  timer.o [3]
TimerControlStall            0x24dd   0x18  Code  Gb  timer.o [3]
TimerDisable                 0x246f    0xc  Code  Gb  timer.o [3]
TimerEnable                  0x2463    0xc  Code  Gb  timer.o [3]
TimerIntEnable               0x2525    0x4  Code  Gb  timer.o [3]
TimerIntRegister             0x250b   0x1a  Code  Gb  timer.o [3]
TimerLoadSet                 0x24f5   0x10  Code  Gb  timer.o [3]
TimerLoadSet64               0x2505    0x6  Code  Gb  timer.o [3]
UsageFault_Handler            0xf8f         Code  Wk  vectortrap_M.o [5]
_LC                            0x41    0x6  Code  Lc  xprintffull_nomb.o [2]
_LitobFullNoMb                0xcd1  0x114  Code  Lc  xprintffull_nomb.o [2]
_PrintfFullNoMb                0x47  0xc76  Code  Gb  xprintffull_nomb.o [2]
_PutcharsFullNoMb             0xe3d   0x2e  Code  Lc  xprintffull_nomb.o [2]
_SProut                       0xf0f    0xa  Code  Gb  xsprout.o [2]
_TimerIntNumberGet           0x2421   0x42  Code  Lc  timer.o [3]
__aeabi_cdcmple              0x10d1         Code  Gb  DblCmpLe.o [4]
__aeabi_cdrcmple             0x1105         Code  Gb  DblCmpGe.o [4]
__aeabi_d2iz                 0x1275         Code  Gb  DblToS32.o [4]
__aeabi_d2uiz                0x1779         Code  Gb  DblToU32.o [4]
__aeabi_dadd                 0x12d1         Code  Gb  DblAddSub.o [4]
__aeabi_ddiv                 0x1531         Code  Gb  DblDiv.o [4]
__aeabi_dmul                 0x17b9         Code  Gb  DblMul.o [4]
__aeabi_dsub                 0x144d         Code  Gb  DblAddSub.o [4]
__aeabi_f2d                  0x2dbd         Code  Gb  FltToDbl.o [4]
__aeabi_i2d                  0x12ad         Code  Gb  S32ToDbl.o [4]
__aeabi_ldiv0                0x1b9d         Code  Gb  I64DivZer.o [5]
__aeabi_ui2d                 0x179d         Code  Gb  U32ToDbl.o [4]
__aeabi_uldivmod             0x1965         Code  Gb  I64DivMod.o [5]
__cmain                      0x32b1         Code  Gb  cmain.o [5]
__exit                       0x1ba1   0x14  Code  Gb  exit.o [6]
__iar_Fail_s                  0xf19   0x1c  Code  Gb  xfail_s.o [2]
__iar_Memchr                  0xf91         Code  Gb  memchr.o [5]
__iar_Strchr                  0xef9         Code  Gb  strchr.o [5]
__iar_copy_init3              0xecf   0x2a  Code  Gb  copy_init3.o [5]
__iar_data_init3             0x3241   0x28  Code  Gb  data_init.o [5]
__iar_frexp                  0x106d         Code  Gb  frexp.o [4]
__iar_frexpl                 0x106d         Code  Gb  frexp.o [4]
__iar_init_vfp               0x3269         Code  Gb  fpinit_M.o [4]
__iar_ldexp64                0x1139         Code  Gb  ldexp.o [4]
__iar_program_start          0x32e5         Code  Gb  cstartup_M.o [5]
__iar_scalbln64              0x1139         Code  Gb  ldexp.o [4]
__iar_scalbn64               0x1139         Code  Gb  ldexp.o [4]
__iar_softfp___iar_frexp64
                             0x1061         Code  Gb  frexp.o [4]
__iar_softfp_frexp           0x1061         Code  Gb  frexp.o [4]
__iar_softfp_frexpl          0x1061         Code  Gb  frexp.o [4]
__iar_unaligned_memcpy        0xfe9         Code  Gb  ABImemcpy_unaligned.o [5]
__iar_unaligned_memcpy4
                             0x1009         Code  Gb  ABImemcpy_unaligned.o [5]
__iar_unaligned_memcpy8
                             0x1009         Code  Gb  ABImemcpy_unaligned.o [5]
__iar_zero_init3             0x3209   0x38  Code  Gb  zero_init3.o [5]
__low_level_init             0x32cf    0x4  Code  Gb  low_level_init.o [2]
__vector_table                  0x0         Data  Gb  vector_table_M.o [5]
_call_main                   0x32bd         Code  Gb  cmain.o [5]
_exit                        0x32d9         Code  Gb  cexit.o [5]
abort                        0x1b95    0x6  Code  Gb  abort.o [2]
answer                  0x2000'0674    0x4  Data  Lc  calculator.o [1]
calc                         0x2b63   0x8a  Code  Gb  calculator.o [1]
calcMode                     0x2bed  0x1aa  Code  Gb  calculator.o [1]
delay_ms                     0x28c1   0x1a  Code  Gb  delay.o [1]
delay_us                     0x28db   0x16  Code  Gb  delay.o [1]
exit                         0x32d3    0x4  Code  Gb  exit.o [2]
firstNum                0x2000'066c    0x4  Data  Lc  calculator.o [1]
g_pfnRAMVectors         0x2000'0400  0x26c  Data  Lc  interrupt.o [3]
g_ppui32TimerIntMap          0x2538   0x60  Data  Lc  timer.o [3]
g_ppui32TimerIntMapSnowflake
                             0x2598   0x40  Data  Lc  timer.o [3]
g_pui32EnRegs                0x2734   0x14  Data  Lc  interrupt.o [3]
g_pui32Regs                  0x2698   0x9c  Data  Lc  interrupt.o [3]
g_pui32Xtals                 0x2160   0x6c  Data  Lc  sysctl.o [3]
getTicks                     0x1bb5   0x48  Code  Gb  timer.o [1]
gpioHandler                  0x30a1   0x58  Code  Gb  mode.o [1]
initStop                     0x2e65   0x36  Code  Gb  stop.o [1]
initTimer                    0x1cb7   0x36  Code  Gb  timer.o [1]
initialValue                 0x1ced   0x82  Code  Gb  timer.o [1]
initialValuestop             0x2e9b   0x82  Code  Gb  stop.o [1]
keypad_Init                  0x2749   0x56  Code  Gb  keypad.o [1]
keypad_getkeycalc            0x279f   0x50  Code  Gb  keypad.o [1]
keypad_getkeystop            0x283f   0x50  Code  Gb  keypad.o [1]
keypad_getkeytim             0x27ef   0x50  Code  Gb  keypad.o [1]
ldexp                        0x1139         Code  Gb  ldexp.o [4]
ldexpl                       0x1139         Code  Gb  ldexp.o [4]
main                         0x31a1   0x68  Code  Gb  main.o [1]
memchr                        0xf91         Code  Gb  memchr.o [5]
minutes                 0x2000'067c    0x4  Data  Lc  stop.o [1]
minutes                 0x2000'0684    0x4  Data  Lc  timer.o [1]
modeinit                     0x30f9   0x68  Code  Gb  mode.o [1]
operation               0x2000'0000    0x1  Data  Lc  calculator.o [1]
scalbln                      0x1139         Code  Gb  ldexp.o [4]
scalblnl                     0x1139         Code  Gb  ldexp.o [4]
scalbn                       0x1139         Code  Gb  ldexp.o [4]
scalbnl                      0x1139         Code  Gb  ldexp.o [4]
scale                         0xde5   0x46  Code  Lc  xprintffull_nomb.o [2]
sec_hand                0x2000'068c    0x4  Data  Lc  xfail_s.o [2]
secondNum               0x2000'0670    0x4  Data  Lc  calculator.o [1]
secondpassedHandler          0x2f1d   0xa8  Code  Gb  stop.o [1]
seconds                 0x2000'0680    0x4  Data  Lc  stop.o [1]
seconds                 0x2000'0688    0x4  Data  Lc  timer.o [1]
show_answer                  0x2b25   0x3e  Code  Gb  calculator.o [1]
sprintf                      0x2e05   0x40  Code  Gb  sprintf.o [2]
start                        0x2fc5   0x3a  Code  Gb  stop.o [1]
state                   0x2000'0678    0x4  Data  Gb  main.o [1]
stopmode                     0x2fff   0x7e  Code  Gb  stop.o [1]
strcat                       0x2e45   0x1e  Code  Gb  strcat.o [2]
strchr                        0xef9         Code  Gb  strchr.o [5]
strlen                        0xf59         Code  Gb  strlen.o [5]
symbol                       0x3310   0x10  Data  Gb  keypad.o [1]
timerMode                    0x1d6f  0x146  Code  Gb  timer.o [1]
timeuphandler                0x1bfd   0xba  Code  Gb  timer.o [1]


[1] = D:\Projects\embedded2\Debug\Obj
[2] = dl7M_tln.a
[3] = driverlib.a
[4] = m7M_tls.a
[5] = rt7M_tl.a
[6] = shb_l.a

  13'018 bytes of readonly  code memory
     158 bytes of readonly  data memory
   5'773 bytes of readwrite data memory

Errors: none
Warnings: 1
